    Finished `bench` profile [optimized] target(s) in 0.06s
     Running benches/hashline.rs (target/release/build/hashline-rs/6b213fd31996ff18/out/hashline-6b213fd31996ff18)
Gnuplot not found, using plotters backend
Benchmarking dispatch/read_300_lines
Benchmarking dispatch/read_300_lines: Warming up for 3.0000 s
Benchmarking dispatch/read_300_lines: Collecting 30 samples in estimated 5.0069 s (152k iterations)
Benchmarking dispatch/read_300_lines: Analyzing
dispatch/read_300_lines time:   [32.997 µs 33.033 µs 33.086 µs]
Benchmarking dispatch/read_300_lines_cold
Benchmarking dispatch/read_300_lines_cold: Warming up for 3.0000 s
Benchmarking dispatch/read_300_lines_cold: Collecting 30 samples in estimated 5.0118 s (116k iterations)
Benchmarking dispatch/read_300_lines_cold: Analyzing
dispatch/read_300_lines_cold
                        time:   [42.640 µs 42.712 µs 42.785 µs]
Found 1 outliers among 30 measurements (3.33%)
  1 (3.33%) high mild
Benchmarking dispatch/edit_single_op_300_lines
Benchmarking dispatch/edit_single_op_300_lines: Warming up for 3.0000 s
Benchmarking dispatch/edit_single_op_300_lines: Collecting 30 samples in estimated 5.0147 s (36k iterations)
Benchmarking dispatch/edit_single_op_300_lines: Analyzing
dispatch/edit_single_op_300_lines
                        time:   [125.95 µs 126.33 µs 126.71 µs]

