    Finished `bench` profile [optimized] target(s) in 0.06s
     Running benches/hashline.rs (target/release/build/hashline-rs/6b213fd31996ff18/out/hashline-6b213fd31996ff18)
Gnuplot not found, using plotters backend
Benchmarking grep_large_file/rare_literal
Benchmarking grep_large_file/rare_literal: Warming up for 3.0000 s
Benchmarking grep_large_file/rare_literal: Collecting 30 samples in estimated 6.3445 s (2790 iterations)
Benchmarking grep_large_file/rare_literal: Analyzing
grep_large_file/rare_literal
                        time:   [2.2556 ms 2.2605 ms 2.2662 ms]
Benchmarking grep_large_file/common_literal
Benchmarking grep_large_file/common_literal: Warming up for 3.0000 s
Benchmarking grep_large_file/common_literal: Collecting 30 samples in estimated 6.9391 s (1860 iterations)
Benchmarking grep_large_file/common_literal: Analyzing
grep_large_file/common_literal
                        time:   [3.7308 ms 3.7315 ms 3.7322 ms]
Benchmarking grep_large_file/anchored_regex
Benchmarking grep_large_file/anchored_regex: Warming up for 3.0000 s
Benchmarking grep_large_file/anchored_regex: Collecting 30 samples in estimated 6.1387 s (2325 iterations)
Benchmarking grep_large_file/anchored_regex: Analyzing
grep_large_file/anchored_regex
                        time:   [2.6384 ms 2.6409 ms 2.6445 ms]
Found 3 outliers among 30 measurements (10.00%)
  1 (3.33%) high mild
  2 (6.67%) high severe

