    Finished `bench` profile [optimized] target(s) in 0.06s
     Running benches/hashline.rs (target/release/build/hashline-rs/27403edf009bad2d/out/hashline-27403edf009bad2d)
Benchmarking grep_large_file/rare_literal
Benchmarking grep_large_file/rare_literal: Warming up for 3.0000 s
Benchmarking grep_large_file/rare_literal: Collecting 30 samples in estimated 6.6971 s (4185 iterations)
Benchmarking grep_large_file/rare_literal: Analyzing
grep_large_file/rare_literal
                        time:   [1.6146 ms 1.7113 ms 1.8276 ms]
                        change: [+531.69% +552.18% +577.13%] (p = 0.00 < 0.05)
                        Performance has regressed.
Found 4 outliers among 30 measurements (13.33%)
  3 (10.00%) high mild
  1 (3.33%) high severe
Benchmarking grep_large_file/common_literal
Benchmarking grep_large_file/common_literal: Warming up for 3.0000 s
Benchmarking grep_large_file/common_literal: Collecting 30 samples in estimated 6.6192 s (2325 iterations)
Benchmarking grep_large_file/common_literal: Analyzing
grep_large_file/common_literal
                        time:   [2.7737 ms 2.8394 ms 2.9173 ms]
                        change: [−18.745% −17.128% −15.496%] (p = 0.00 < 0.05)
                        Performance has improved.
Found 2 outliers among 30 measurements (6.67%)
  2 (6.67%) high mild
Benchmarking grep_large_file/anchored_regex
Benchmarking grep_large_file/anchored_regex: Warming up for 3.0000 s
Benchmarking grep_large_file/anchored_regex: Collecting 30 samples in estimated 6.4467 s (3255 iterations)
Benchmarking grep_large_file/anchored_regex: Analyzing
grep_large_file/anchored_regex
                        time:   [1.8480 ms 1.8725 ms 1.8982 ms]
                        change: [+39.032% +41.105% +42.965%] (p = 0.00 < 0.05)
                        Performance has regressed.

