    Finished `bench` profile [optimized] target(s) in 0.05s
     Running benches/hashline.rs (target/release/build/hashline-rs/27403edf009bad2d/out/hashline-27403edf009bad2d)
Benchmarking v2_read/full_10k
Benchmarking v2_read/full_10k: Warming up for 3.0000 s
Benchmarking v2_read/full_10k: Collecting 20 samples in estimated 5.8708 s (1260 iterations)
Benchmarking v2_read/full_10k: Analyzing
v2_read/full_10k        time:   [4.6164 ms 4.6703 ms 4.7174 ms]
                        change: [−12.483% −11.323% −10.136%] (p = 0.00 < 0.05)
                        Performance has improved.
Benchmarking v2_read/window_2k_of_100k_warm
Benchmarking v2_read/window_2k_of_100k_warm: Warming up for 3.0000 s
Benchmarking v2_read/window_2k_of_100k_warm: Collecting 20 samples in estimated 5.0144 s (42k iterations)
Benchmarking v2_read/window_2k_of_100k_warm: Analyzing
v2_read/window_2k_of_100k_warm
                        time:   [117.89 µs 123.20 µs 132.95 µs]
                        change: [−20.274% −15.634% −9.2189%] (p = 0.00 < 0.05)
                        Performance has improved.
Found 1 outliers among 20 measurements (5.00%)
  1 (5.00%) high severe
Benchmarking v2_read/window_2k_of_100k_cold
Benchmarking v2_read/window_2k_of_100k_cold: Warming up for 3.0000 s
Benchmarking v2_read/window_2k_of_100k_cold: Collecting 20 samples in estimated 5.5781 s (1890 iterations)
Benchmarking v2_read/window_2k_of_100k_cold: Analyzing
v2_read/window_2k_of_100k_cold
                        time:   [1.5817 ms 1.6167 ms 1.6520 ms]
                        change: [+996.03% +1064.8% +1131.9%] (p = 0.00 < 0.05)
                        Performance has regressed.
Found 2 outliers among 20 measurements (10.00%)
  1 (5.00%) high mild
  1 (5.00%) high severe
Benchmarking v2_read/cursor_page_50k
Benchmarking v2_read/cursor_page_50k: Warming up for 3.0000 s
Benchmarking v2_read/cursor_page_50k: Collecting 20 samples in estimated 5.2824 s (1260 iterations)
Benchmarking v2_read/cursor_page_50k: Analyzing
v2_read/cursor_page_50k time:   [4.2025 ms 4.2496 ms 4.3002 ms]
                        change: [−6.5409% −5.3161% −4.1098%] (p = 0.00 < 0.05)
                        Performance has improved.

